2012-03-03 22:48:44	Code: 23000	 Message:SQLSTATE[23000]: Integrity constraint violation: 1052 Column 'id' in where clause is ambiguous 
2012-03-03 23:25:13	Code: 42000	 Message:SQLSTATE[42000]: Syntax error or access violation: 1064 You have an error in your SQL syntax; check the manual that corresponds to your MySQL server version for the right syntax to use near 'o.id='1'' at line 3 
2012-03-03 23:25:25	Code: 42S02	 Message:SQLSTATE[42S02]: Base table or view not found: 1146 Table 'eadmin.shop' doesn't exist 
2012-03-03 23:25:44	Code: 42S22	 Message:SQLSTATE[42S22]: Column not found: 1054 Unknown column 'o.ship_id' in 'where clause' 
2012-03-03 23:30:25	Code: 42000	 Message:SQLSTATE[42000]: Syntax error or access violation: 1064 You have an error in your SQL syntax; check the manual that corresponds to your MySQL server version for the right syntax to use near 'u.id=o.user_id and and o.id='1'' at line 4 
2012-03-03 23:30:46	Code: 42000	 Message:SQLSTATE[42000]: Syntax error or access violation: 1064 You have an error in your SQL syntax; check the manual that corresponds to your MySQL server version for the right syntax to use near 'and o.id='1'' at line 4 
2012-03-18 19:32:57	 Code: 42S22	 Message:SQLSTATE[42S22]: Column not found: 1054 Unknown column 'g.name' in 'field list' 
2012-03-26 23:31:32	 Code: 42S02	 Message:SQLSTATE[42S02]: Base table or view not found: 1146 Table 'eadmin.brands' doesn't exist 
2012-03-28 21:29:56	 Code: 42S02	 Message:SQLSTATE[42S02]: Base table or view not found: 1146 Table 'eadmin.categories' doesn't exist 
2012-04-01 22:16:50	Code: 42S22	 Message:SQLSTATE[42S22]: Column not found: 1054 Unknown column 'g.name' in 'field list' 
2012-04-01 23:15:38	Code: 42S22	 Message:SQLSTATE[42S22]: Column not found: 1054 Unknown column 'goods_number' in 'field list' 
2012-04-04 22:36:48	Code: 42S22	 Message:SQLSTATE[42S22]: Column not found: 1054 Unknown column 'og.shop_price' in 'field list' 
2012-04-04 22:50:47	 Code: 42000	 Message:SQLSTATE[42000]: Syntax error or access violation: 1064 You have an error in your SQL syntax; check the manual that corresponds to your MySQL server version for the right syntax to use near '' at line 3 
2012-04-04 22:51:49	 Code: HY000	 Message:SQLSTATE[HY000]: General error: 1305 FUNCTION g.brand_id does not exist 
2012-04-04 22:53:43	 Code: HY000	 Message:SQLSTATE[HY000]: General error: 1267 Illegal mix of collations (latin1_swedish_ci,IMPLICIT) and (utf8_general_ci,COERCIBLE) for operation 'like' 
2012-04-04 22:54:34	 Code: HY000	 Message:SQLSTATE[HY000]: General error: 1267 Illegal mix of collations (latin1_swedish_ci,IMPLICIT) and (utf8_general_ci,COERCIBLE) for operation 'like' 
2012-04-04 22:56:33	 Code: HY000	 Message:SQLSTATE[HY000]: General error: 1267 Illegal mix of collations (latin1_swedish_ci,IMPLICIT) and (utf8_general_ci,COERCIBLE) for operation 'like' 
2012-04-04 22:57:05	 Code: HY000	 Message:SQLSTATE[HY000]: General error: 1267 Illegal mix of collations (latin1_swedish_ci,IMPLICIT) and (utf8_general_ci,COERCIBLE) for operation 'like' 
2012-04-04 23:36:22	 Code: 42S02	 Message:SQLSTATE[42S02]: Base table or view not found: 1146 Table 'eadmin.payment' doesn't exist 
2012-04-29 23:51:24	 Code: 42S22	 Message:SQLSTATE[42S22]: Column not found: 1054 Unknown column 'c.color_name' in 'field list' 
2012-04-29 23:52:11	 Code: 42S22	 Message:SQLSTATE[42S22]: Column not found: 1054 Unknown column 'g.goods_id' in 'where clause' 
2012-05-04 21:56:30	 Code: 42S22	 Message:SQLSTATE[42S22]: Column not found: 1054 Unknown column 'g.name' in 'field list' 
2012-05-04 21:57:54	 Code: 42S22	 Message:SQLSTATE[42S22]: Column not found: 1054 Unknown column 'c.color_name' in 'field list' 
2012-05-04 21:58:14	 Code: 42S22	 Message:SQLSTATE[42S22]: Column not found: 1054 Unknown column 'g.goods_id' in 'on clause' 
2012-05-06 14:52:11	 Code: 42000	 Message:SQLSTATE[42000]: Syntax error or access violation: 1064 You have an error in your SQL syntax; check the manual that corresponds to your MySQL server version for the right syntax to use near '.c.name as color_name from goods_color gc ,color c where gc.color_id=c.id' at line 1 
2012-05-06 14:56:19	 Code: 42S22	 Message:SQLSTATE[42S22]: Column not found: 1054 Unknown column 'gc.size_id' in 'where clause' 
2012-05-06 14:56:38	 Code: 42S22	 Message:SQLSTATE[42S22]: Column not found: 1054 Unknown column 'gc.size_id' in 'where clause' 
2012-05-13 16:00:43	 Code: 42000	 Message:SQLSTATE[42000]: Syntax error or access violation: 1064 You have an error in your SQL syntax; check the manual that corresponds to your MySQL server version for the right syntax to use near '' at line 7 
2012-05-13 16:20:47	 Code: 42S22	 Message:SQLSTATE[42S22]: Column not found: 1054 Unknown column 'og.goods_price' in 'field list' 
2012-05-13 19:25:35	 Code: HY000	 Message:SQLSTATE[HY000]: General error: 1305 FUNCTION eadmin.contact does not exist 
2012-05-13 19:25:51	 Code: 42S22	 Message:SQLSTATE[42S22]: Column not found: 1054 Unknown column 'ua.province_id' in 'on clause' 
2012-05-13 19:40:15	 Code: 42000	 Message:SQLSTATE[42000]: Syntax error or access violation: 1064 You have an error in your SQL syntax; check the manual that corresponds to your MySQL server version for the right syntax to use near 'on u.id = ua.user_id
				inner join region r1 on r1.id = ua.province
				inner' at line 2 
